// Jest Snapshot v1, https://goo.gl/fbAQLP

exports[`should render without error 1`] = `
<body>
  <div>
    <p>
      Intro
    </p>
     
    <button
      class="svelte-1eav0tq"
    >
      Change Theme
    </button>
     
    <button
      class="svelte-1eav0tq"
    >
      Get User
    </button>
     
    <p>
       
    </p>
  </div>
</body>
`;
